{"type":"log","data":"{\n  \"first-plugin\": {\n    \"location\": \"PARENT_DIR/MODULE_DIR\",\n    \"workspaceDependencies\": [],\n    \"mismatchedWorkspaceDependencies\": []\n  },\n  \"second-plugin\": {\n    \"location\": \"plugins/second-plugin\",\n    \"workspaceDependencies\": [],\n    \"mismatchedWorkspaceDependencies\": []\n  },\n  \"third-plugin\": {\n    \"foo\": \"plugins/second-plugin\",\n    \"workspaceDependencies\": [],\n    \"mismatchedWorkspaceDependencies\": []\n  }\n}"}
